[wailsv3-template] [2026/09/19 18:38:06] [INFO] 日志系统初始化完成
[wailsv3-template] [2026/09/19 18:38:06] [INFO] 找到匹配语言: zh-CN -> default
[wailsv3-template] [2026/09/19 18:38:06] [INFO] 语言系统初始化完成，当前语言: default
[wailsv3-template] [2026/09/19 18:38:10] [INFO] App 服务已启动
[wailsv3-template] [2026/09/19 18:38:18] [INFO] 子窗口已打开: id=2
[wailsv3-template] [2026/09/19 18:38:21] [INFO] 子窗口已打开: id=3
[wailsv3-template] [2026/09/19 18:38:29] [INFO] 子窗口已打开: id=4
[wailsv3-template] [2026/09/19 18:38:32] [INFO] 子窗口已打开: id=5
[wailsv3-template] [2026/09/19 18:38:36] [INFO] 系统托盘已创建
[wailsv3-template] [2026/09/19 18:38:43] [INFO] 系统托盘已销毁
[wailsv3-template] [2026/09/19 18:38:53] [INFO] 全局快捷键已注册: Ctrl+Alt+G
[wailsv3-template] [2026/09/19 18:39:01] [INFO] 全局快捷键已注册: Ctrl+Alt+G
[wailsv3-template] [2026/09/19 18:39:39] [INFO] 更新语言路径: en-US -> en-US
[wailsv3-template] [2026/09/19 18:39:39] [INFO] 更新语言路径: en-US -> en-US
[wailsv3-template] [2026/09/19 18:39:41] [INFO] 更新语言路径: zh-CN -> default
[wailsv3-template] [2026/09/19 18:39:41] [INFO] 更新语言路径: zh-CN -> default
[wailsv3-template] [2026/09/19 18:39:59] [DEBUG] 日志等级已切换为 Debug
[wailsv3-template] [2026/09/19 18:40:00] [INFO] 日志等级已切换为 Info
[wailsv3-template] [2026/09/19 18:40:18] [INFO] 更新语言路径: en-US -> en-US
[wailsv3-template] [2026/09/19 18:40:18] [INFO] 更新语言路径: zh-CN -> default
[wailsv3-template] [2026/09/19 18:40:19] [INFO] 更新语言路径: en-US -> en-US
[wailsv3-template] [2026/09/19 18:40:21] [INFO] 更新语言路径: ja-JP -> ja-JP
[wailsv3-template] [2026/09/19 18:40:21] [INFO] 更新语言路径: zh-CN -> default
[wailsv3-template] [2026/09/19 18:40:23] [INFO] 子窗口已打开: id=6
